Microchip MPLAB XC8 Compiler V2.45

Linker command line:

-W-3 \
  --edf=C:\Program Files\Microchip\xc8\v2.45\pic\dat\20230818022343_en.msgs \
  -cn -h+dist/default/debug\PF_CORRECTION.X.debug.sym \
  --cmf=dist/default/debug\PF_CORRECTION.X.debug.cmf -z -Q18F4550 \
  -oC:\Users\Hp\AppData\Local\Temp\xcAs2ng.\driver_tmp_3.o \
  --defsym=__MPLAB_BUILD=1 --fixupoverflow=error \
  -Mdist/default/debug/PF_CORRECTION.X.debug.map \
  --md=C:\Users\Hp\AppData\Local\Temp\xcAs2ng.\driver_tmp_0.dat -E1 \
  -ver=XC8 Compiler --acfsm=1493 -ACODE=00h-07FFFh -ACONST=00h-07FFFh \
  -ASMALLCONST=0800h-08FFhx120 -AMEDIUMCONST=0800h-07FFFh -ACOMRAM=01h-05Fh \
  -AABS1=00h-07FFh -ABIGRAM=01h-07FFh -ARAM=060h-0FFh,0100h-01FFhx7 \
  -ABANK0=060h-0FFh -ABANK1=0100h-01FFh -ABANK2=0200h-02FFh \
  -ABANK3=0300h-03FFh -ABANK4=0400h-04FFh -ABANK5=0500h-05FFh \
  -ABANK6=0600h-06FFh -ABANK7=0700h-07FFh -ASFR=0F60h-0FFFh \
  -ABIGSFR=0F60h-0FFFh -ACONFIG=0300000h-030000Dh -AIDLOC=0200000h-0200007h \
  -AEEDATA=0F00000h-0F000FFh -peeprom_data=EEDATA \
  -preset_vec=00h,intcode,intcodelo,powerup,init -pramtop=0800h \
  -psmallconst=SMALLCONST -pmediumconst=MEDIUMCONST -pconst=CONST \
  -AFARRAM=00h-00h \
  -prdata=COMRAM,nvrram=COMRAM,nvbit=COMRAM,rbss=COMRAM,rbit=COMRAM \
  -pfarbss=FARRAM,fardata=FARRAM,nvFARRAM=FARRAM \
  -pintsave_regs=BIGRAM,bigbss=BIGRAM,bigdata=BIGRAM -pbss=RAM \
  -pidata=CODE,irdata=CODE,ibigdata=CODE,ifardata=CODE -prparam=COMRAM \
  C:\Users\Hp\AppData\Local\Temp\xcAs2ng.\driver_tmp_14.o \
  dist/default/debug\PF_CORRECTION.X.debug.o 

Object code version is 3.11

Machine type is 18F4550



                Name                               Link     Load   Length Selector   Space Scale
C:\Users\Hp\AppData\Local\Temp\xcAs2ng.\driver_tmp_14.o
                init                                  0        0        4        0       0
dist/default/debug\PF_CORRECTION.X.debug.o
                smallconst                          800      800       74      400       0
                text40                             46C2     46C2        A      43A       0
                text39                             3A52     3A52      176      43A       0
                text38                             46AC     46AC       16      43A       0
                text37                             451C     451C       44      43A       0
                text36                             38DC     38DC      176      43A       0
                text35                             4270     4270       78      43A       0
                text34                             3F9C     3F9C       C4      43A       0
                text33                             4116     4116       B0      43A       0
                text32                             4608     4608       34      43A       0
                text31                             46CC     46CC        2      43A       0
                text30                             3ED2     3ED2       CA      43A       0
                text29                             44D8     44D8       44      43A       0
                text28                             42E8     42E8       6E      43A       0
                text27                             356E     356E      1BA      43A       0
                text26                             2850     2850      39A      43A       0
                text25                             41C6     41C6       AA      43A       0
                text24                             3CCE     3CCE      106      43A       0
                text23                             1C8C     1C8C      42A      43A       0
                text22                             459A     459A       3A      43A       0
                text21                             17CC     17CC      4C0      43A       0
                text20                             4492     4492       46      43A       0
                text19                             3BC8     3BC8      106      43A       0
                text18                             3DD4     3DD4       FE      43A       0
                text17                             315E     315E      212      43A       0
                text16                             4356     4356       56      43A       0
                text15                             43AC     43AC       50      43A       0
                text14                             4560     4560       3A      43A       0
                text13                              874      874      A5E      43A       0
                text12                             466C     466C       26      43A       0
                text11                             4060     4060       B6      43A       0
                text10                             2BEA     2BEA      342      43A       0
                text9                              4448     4448       4A      43A       0
                text8                              43FC     43FC       4C      43A       0
                text7                              463C     463C       30      43A       0
                text6                              3370     3370      1FE      43A       0
                text5                              3728     3728      1B4      43A       0
                text4                              45D4     45D4       34      43A       0
                text3                              248E     248E      3C2      43A       0
                text2                              2F2C     2F2C      232      43A       0
                text1                              12D2     12D2      4FA      43A       0
                text0                              20B6     20B6      3D8      43A       0
                cstackCOMRAM                          1        1       5F        1       1
                cstackBANK0                          60       60       9E       60       1
                cstackBANK1                         166      166       47      100       1
                bssBANK1                            100      100       66      100       1
                bssBANK0                             FE       FE        1       60       1
                cinit                              4692     4692       1A      43A       0

TOTAL           Name                               Link     Load   Length     Space
        CLASS   CODE           
                init                                  0        0        4         0
                text40                             46C2     46C2        A         0
                text39                             3A52     3A52      176         0
                text38                             46AC     46AC       16         0
                text37                             451C     451C       44         0
                text36                             38DC     38DC      176         0
                text35                             4270     4270       78         0
                text34                             3F9C     3F9C       C4         0
                text33                             4116     4116       B0         0
                text32                             4608     4608       34         0
                text31                             46CC     46CC        2         0
                text30                             3ED2     3ED2       CA         0
                text29                             44D8     44D8       44         0
                text28                             42E8     42E8       6E         0
                text27                             356E     356E      1BA         0
                text26                             2850     2850      39A         0
                text25                             41C6     41C6       AA         0
                text24                             3CCE     3CCE      106         0
                text23                             1C8C     1C8C      42A         0
                text22                             459A     459A       3A         0
                text21                             17CC     17CC      4C0         0
                text20                             4492     4492       46         0
                text19                             3BC8     3BC8      106         0
                text18                             3DD4     3DD4       FE         0
                text17                             315E     315E      212         0
                text16                             4356     4356       56         0
                text15                             43AC     43AC       50         0
                text14                             4560     4560       3A         0
                text13                              874      874      A5E         0
                text12                             466C     466C       26         0
                text11                             4060     4060       B6         0
                text10                             2BEA     2BEA      342         0
                text9                              4448     4448       4A         0
                text8                              43FC     43FC       4C         0
                text7                              463C     463C       30         0
                text6                              3370     3370      1FE         0
                text5                              3728     3728      1B4         0
                text4                              45D4     45D4       34         0
                text3                              248E     248E      3C2         0
                text2                              2F2C     2F2C      232         0
                text1                              12D2     12D2      4FA         0
                text0                              20B6     20B6      3D8         0
                cinit                              4692     4692       1A         0

        CLASS   CONST          

        CLASS   SMALLCONST     
                smallconst                          800      800       74         0

        CLASS   MEDIUMCONST    

        CLASS   COMRAM         
                cstackCOMRAM                          1        1       5F         1

        CLASS   ABS1           

        CLASS   BIGRAM         

        CLASS   RAM            

        CLASS   BANK0          
                cstackBANK0                          60       60       9E         1
                bssBANK0                             FE       FE        1         1

        CLASS   BANK1          
                cstackBANK1                         166      166       47         1
                bssBANK1                            100      100       66         1

        CLASS   BANK2          

        CLASS   BANK3          

        CLASS   BANK4          

        CLASS   BANK5          

        CLASS   BANK6          

        CLASS   BANK7          

        CLASS   SFR            

        CLASS   BIGSFR         

        CLASS   CONFIG         

        CLASS   IDLOC          

        CLASS   EEDATA         

        CLASS   FARRAM         

        CLASS   HEAP           

        CLASS   STACK          



SEGMENTS        Name                           Load    Length   Top    Selector   Space  Class

                reset_vec                      000000  000004  000004         0       0  CODE    
                cstackCOMRAM                   000001  00005F  000060         1       1  COMRAM  
                cstackBANK0                    000060  00009F  0000FF        60       1  BANK0   
                bssBANK1                       000100  0000AD  0001AD       100       1  BANK1   
                smallconst                     000800  000074  000874       400       0  SMALLCON
                text13                         000874  003E5A  0046CE       43A       0  CODE    


UNUSED ADDRESS RANGES

        Name                Unused          Largest block    Delta
        BANK0            00FF-00FF              1
        BANK1            01AD-01FF             53
        BANK2            0200-02FF            100
        BANK3            0300-03FF            100
        BANK4            0400-04FF            100
        BANK5            0500-05FF            100
        BANK6            0600-06FF            100
        BANK7            0700-07FF            100
        BIGRAM           00FF-00FF              1
                         01AD-07FF            653
        BIGSFR           0F60-0FFF             A0
        CODE             0004-07FF            7FC
                         46CE-7FFF           3932
        CONFIG           300000-30000D              E
        CONST            0004-07FF            7FC
                         46CE-7FFF           3932
        EEDATA           F00000-F000FF            100
        IDLOC            200000-200007              8
        MEDIUMCONST      46CE-7FFF           3932
        RAM              00FF-00FF              1
                         01AD-07FF            100
        SFR              0F60-0FFF             A0
        SMALLCONST       46CE-7FFF            100

                                  Symbol Table

?___awdiv                   cstackCOMRAM 0001
?___awmod                   cstackCOMRAM 0001
?___cosdf                   cstackCOMRAM 0051
?___fladd                   cstackCOMRAM 0041
?___fldiv                   cstackCOMRAM 000F
?___flmul                   cstackCOMRAM 0028
?___flneg                   cstackBANK0  0078
?___flsub                   cstackCOMRAM 0051
?___fltol                   cstackCOMRAM 0051
?___fpclassifyf             cstackCOMRAM 0001
?___rem_pio2f               cstackBANK0  007C
?___sindf                   cstackCOMRAM 0059
?___wmul                    cstackCOMRAM 0001
?___xxtofl                  cstackCOMRAM 0001
?_abs                       cstackCOMRAM 0007
?_cosf                      cstackBANK0  009A
?_fabsf                     cstackCOMRAM 0001
?_floorf                    cstackCOMRAM 0028
?_labs                      cstackCOMRAM 0001
?_read_prec_or_width        cstackCOMRAM 0007
?_sprintf                   cstackBANK1  0172
?_vfprintf                  cstackBANK1  016D
LCD_Char@data               cstackCOMRAM 0003
LCD_Command@cmd             cstackCOMRAM 0003
LCD_String@i                cstackCOMRAM 0008
LCD_String@str              cstackCOMRAM 0004
LCD_value_float@a           cstackBANK1  0187
LCD_value_float@r           cstackBANK1  018B
_CCP1CON                    (abs)        0FBD
_CCP1IF                     (abs)        7CF2
_CCP1_Init                  text40       46C2
_CCPR1                      (abs)        0FBE
_LCD_Char                   text36       38DC
_LCD_Clear                  text38       46AC
_LCD_Command                text39       3A52
_LCD_Init                   text37       451C
_LCD_String                 text35       4270
_LCD_value_float            text7        463C
_RB6                        (abs)        7C0E
_RB7                        (abs)        7C0F
_RC4                        (abs)        7C14
_RC5                        (abs)        7C15
_RC6                        (abs)        7C16
_RC7                        (abs)        7C17
_RD2                        (abs)        7C1A
_RD3                        (abs)        7C1B
_RD6                        (abs)        7C1E
_RD7                        (abs)        7C1F
_T1CON                      (abs)        0FCD
_TRISB6                     (abs)        7C9E
_TRISB7                     (abs)        7C9F
_TRISC                      (abs)        0F94
_TRISD                      (abs)        0F95
__HRAM                      (abs)        0000
__H__absolute__             __absolute__ 0000
__Habs1                     abs1         0000
__Hbank0                    bank0        0000
__Hbank1                    bank1        0000
__Hbank2                    bank2        0000
__Hbank3                    bank3        0000
__Hbank4                    bank4        0000
__Hbank5                    bank5        0000
__Hbank6                    bank6        0000
__Hbank7                    bank7        0000
__Hbigbss                   bigbss       0000
__Hbigdata                  bigdata      0000
__Hbigram                   bigram       0000
__Hbigsfr                   bigsfr       0000
__Hbss                      bss          0000
__HbssBANK0                 bssBANK0     0000
__HbssBANK1                 bssBANK1     0000
__Hcinit                    cinit        0000
__Hclrtext                  clrtext      0000
__Hcomram                   comram       0000
__Hconfig                   config       0000
__Hconst                    const        0000
__HcstackBANK0              cstackBANK0  0000
__HcstackBANK1              cstackBANK1  0000
__HcstackCOMRAM             cstackCOMRAM 0000
__Hdata                     data         0000
__Heeprom_data              eeprom_data  0000
__Hfarbss                   farbss       0000
__Hfardata                  fardata      0000
__Hheap                     heap         0000
__Hibigdata                 ibigdata     0000
__Hidata                    idata        0000
__Hidloc                    idloc        0000
__Hifardata                 ifardata     0000
__Hinit                     init         0004
__Hintcode                  intcode      0000
__Hintcode_body             intcode_body 0000
__Hintcodelo                intcodelo    0000
__Hintentry                 intentry     0000
__Hintret                   intret       0000
__Hintsave_regs             intsave_regs 0000
__Hirdata                   irdata       0000
__Hmediumconst              mediumconst  0000
__HnvFARRAM                 nvFARRAM     0000
__Hnvbit                    nvbit        0000
__Hnvrram                   nvrram       0000
__Hparam                    rparam       0000
__Hpowerup                  powerup      0000
__Hram                      ram          0000
__Hramtop                   ramtop       0800
__Hrbit                     rbit         0000
__Hrbss                     rbss         0000
__Hrdata                    rdata        0000
__Hreset_vec                reset_vec    0000
__Hrparam                   rparam       0000
__Hsfr                      sfr          0000
__Hsmallconst               smallconst   0874
__Hspace_0                  (abs)        46CE
__Hspace_1                  (abs)        01AD
__Hspace_2                  (abs)        0000
__Hspace_4                  (abs)        0000
__Hstack                    stack        0000
__Hstruct                   struct       0000
__Htemp                     temp         0000
__Htext                     text         0000
__Htext0                    text0        0000
__Htext1                    text1        0000
__Htext10                   text10       0000
__Htext11                   text11       0000
__Htext12                   text12       0000
__Htext13                   text13       0000
__Htext14                   text14       0000
__Htext15                   text15       0000
__Htext16                   text16       0000
__Htext17                   text17       0000
__Htext18                   text18       0000
__Htext19                   text19       0000
__Htext2                    text2        0000
__Htext20                   text20       0000
__Htext21                   text21       0000
__Htext22                   text22       0000
__Htext23                   text23       0000
__Htext24                   text24       0000
__Htext25                   text25       0000
__Htext26                   text26       0000
__Htext27                   text27       0000
__Htext28                   text28       0000
__Htext29                   text29       0000
__Htext3                    text3        0000
__Htext30                   text30       0000
__Htext31                   text31       0000
__Htext32                   text32       0000
__Htext33                   text33       0000
__Htext34                   text34       0000
__Htext35                   text35       0000
__Htext36                   text36       0000
__Htext37                   text37       0000
__Htext38                   text38       0000
__Htext39                   text39       0000
__Htext4                    text4        0000
__Htext40                   text40       0000
__Htext5                    text5        0000
__Htext6                    text6        0000
__Htext7                    text7        0000
__Htext8                    text8        0000
__Htext9                    text9        0000
__LRAM                      (abs)        0001
__L__absolute__             __absolute__ 0000
__Labs1                     abs1         0000
__Lbank0                    bank0        0000
__Lbank1                    bank1        0000
__Lbank2                    bank2        0000
__Lbank3                    bank3        0000
__Lbank4                    bank4        0000
__Lbank5                    bank5        0000
__Lbank6                    bank6        0000
__Lbank7                    bank7        0000
__Lbigbss                   bigbss       0000
__Lbigdata                  bigdata      0000
__Lbigram                   bigram       0000
__Lbigsfr                   bigsfr       0000
__Lbss                      bss          0000
__LbssBANK0                 bssBANK0     0000
__LbssBANK1                 bssBANK1     0000
__Lcinit                    cinit        0000
__Lclrtext                  clrtext      0000
__Lcomram                   comram       0000
__Lconfig                   config       0000
__Lconst                    const        0000
__LcstackBANK0              cstackBANK0  0000
__LcstackBANK1              cstackBANK1  0000
__LcstackCOMRAM             cstackCOMRAM 0000
__Ldata                     data         0000
__Leeprom_data              eeprom_data  0000
__Lfarbss                   farbss       0000
__Lfardata                  fardata      0000
__Lheap                     heap         0000
__Libigdata                 ibigdata     0000
__Lidata                    idata        0000
__Lidloc                    idloc        0000
__Lifardata                 ifardata     0000
__Linit                     init         0000
__Lintcode                  intcode      0000
__Lintcode_body             intcode_body 0000
__Lintcodelo                intcodelo    0000
__Lintentry                 intentry     0000
__Lintret                   intret       0000
__Lintsave_regs             intsave_regs 0000
__Lirdata                   irdata       0000
__Lmediumconst              mediumconst  0000
__LnvFARRAM                 nvFARRAM     0000
__Lnvbit                    nvbit        0000
__Lnvrram                   nvrram       0000
__Lparam                    rparam       0000
__Lpowerup                  powerup      0000
__Lram                      ram          0000
__Lramtop                   ramtop       0800
__Lrbit                     rbit         0000
__Lrbss                     rbss         0000
__Lrdata                    rdata        0000
__Lreset_vec                reset_vec    0000
__Lrparam                   rparam       0000
__Lsfr                      sfr          0000
__Lsmallconst               smallconst   0800
__Lspace_0                  (abs)        0000
__Lspace_1                  (abs)        0000
__Lspace_2                  (abs)        0000
__Lspace_4                  (abs)        0000
__Lstack                    stack        0000
__Lstruct                   struct       0000
__Ltemp                     temp         0000
__Ltext                     text         0000
__Ltext0                    text0        0000
__Ltext1                    text1        0000
__Ltext10                   text10       0000
__Ltext11                   text11       0000
__Ltext12                   text12       0000
__Ltext13                   text13       0000
__Ltext14                   text14       0000
__Ltext15                   text15       0000
__Ltext16                   text16       0000
__Ltext17                   text17       0000
__Ltext18                   text18       0000
__Ltext19                   text19       0000
__Ltext2                    text2        0000
__Ltext20                   text20       0000
__Ltext21                   text21       0000
__Ltext22                   text22       0000
__Ltext23                   text23       0000
__Ltext24                   text24       0000
__Ltext25                   text25       0000
__Ltext26                   text26       0000
__Ltext27                   text27       0000
__Ltext28                   text28       0000
__Ltext29                   text29       0000
__Ltext3                    text3        0000
__Ltext30                   text30       0000
__Ltext31                   text31       0000
__Ltext32                   text32       0000
__Ltext33                   text33       0000
__Ltext34                   text34       0000
__Ltext35                   text35       0000
__Ltext36                   text36       0000
__Ltext37                   text37       0000
__Ltext38                   text38       0000
__Ltext39                   text39       0000
__Ltext4                    text4        0000
__Ltext40                   text40       0000
__Ltext5                    text5        0000
__Ltext6                    text6        0000
__Ltext7                    text7        0000
__Ltext8                    text8        0000
__Ltext9                    text9        0000
__S0                        (abs)        46CE
__S1                        (abs)        01AD
__S4                        (abs)        0000
__S5                        (abs)        0000
___awdiv                    text34       3F9C
___awdiv@counter            cstackCOMRAM 0005
___awdiv@dividend           cstackCOMRAM 0001
___awdiv@divisor            cstackCOMRAM 0003
___awdiv@quotient           cstackCOMRAM 0007
___awdiv@sign               cstackCOMRAM 0006
___awmod                    text33       4116
___awmod@counter            cstackCOMRAM 0005
___awmod@dividend           cstackCOMRAM 0001
___awmod@divisor            cstackCOMRAM 0003
___awmod@sign               cstackCOMRAM 0006
___cosdf                    text6        3370
___cosdf$1098               cstackBANK0  0064
___cosdf$1099               cstackBANK0  0068
___cosdf$1100               cstackBANK0  006C
___cosdf@r                  cstackBANK0  0060
___cosdf@w                  cstackBANK0  0070
___cosdf@x                  cstackCOMRAM 0051
___cosdf@z                  cstackBANK0  0074
___fladd                    text21       17CC
___fladd@a                  cstackCOMRAM 0045
___fladd@aexp               cstackCOMRAM 004E
___fladd@b                  cstackCOMRAM 0041
___fladd@bexp               cstackCOMRAM 004F
___fladd@grs                cstackCOMRAM 0050
___fladd@signs              cstackCOMRAM 004D
___fldiv                    text26       2850
___fldiv@a                  cstackCOMRAM 0013
___fldiv@aexp               cstackCOMRAM 0027
___fldiv@b                  cstackCOMRAM 000F
___fldiv@bexp               cstackCOMRAM 0026
___fldiv@grs                cstackCOMRAM 0022
___fldiv@new_exp            cstackCOMRAM 0020
___fldiv@rem                cstackCOMRAM 001B
___fldiv@sign               cstackCOMRAM 001F
___fleq                     text25       41C6
___fleq@ff1                 cstackCOMRAM 0001
___fleq@ff2                 cstackCOMRAM 0005
___flge                     text24       3CCE
___flge@ff1                 cstackBANK0  00B4
___flge@ff2                 cstackBANK0  00B8
___flmul                    text23       1C8C
___flmul@a                  cstackCOMRAM 002C
___flmul@aexp               cstackCOMRAM 0035
___flmul@b                  cstackCOMRAM 0028
___flmul@bexp               cstackCOMRAM 003A
___flmul@grs                cstackCOMRAM 0036
___flmul@prod               cstackCOMRAM 003B
___flmul@sign               cstackCOMRAM 0034
___flmul@temp               cstackCOMRAM 003F
___flneg                    text22       459A
___flneg@f1                 cstackBANK0  0078
___flsub                    text20       4492
___flsub@a                  cstackCOMRAM 0055
___flsub@b                  cstackCOMRAM 0051
___fltol                    text19       3BC8
___fltol@exp1               cstackCOMRAM 005A
___fltol@f1                 cstackCOMRAM 0051
___fltol@sign1              cstackCOMRAM 0059
___fpclassifyf              text18       3DD4
___fpclassifyf@F465         bssBANK1     0104
___fpclassifyf@e            cstackCOMRAM 0009
___fpclassifyf@u            cstackCOMRAM 000B
___fpclassifyf@x            cstackCOMRAM 0001
___heap_hi                  (abs)        0000
___heap_lo                  (abs)        0000
___inthi_sp                 stack        0000
___inthi_stack_hi           stack        0000
___inthi_stack_lo           stack        0000
___intlo_sp                 stack        0000
___intlo_stack_hi           stack        0000
___intlo_stack_lo           stack        0000
___param_bank               (abs)        0000
___rem_pio2f                text3        248E
___rem_pio2f$1101           cstackBANK0  0085
___rem_pio2f@F526           bssBANK1     010C
___rem_pio2f@fn             cstackBANK0  008E
___rem_pio2f@n              cstackBANK0  0096
___rem_pio2f@sign           cstackBANK0  0089
___rem_pio2f@t              cstackBANK0  0092
___rem_pio2f@ty             cstackBANK0  0081
___rem_pio2f@ux             cstackBANK0  008A
___rem_pio2f@x              cstackBANK0  007C
___rem_pio2f@y              cstackBANK0  0080
___rparam_used              (abs)        0001
___sindf                    text2        2F2C
___sindf$1102               cstackBANK0  0068
___sindf$1103               cstackBANK0  006C
___sindf$1104               cstackBANK0  0070
___sindf@r                  cstackBANK0  0060
___sindf@s                  cstackBANK0  0074
___sindf@w                  cstackBANK0  0064
___sindf@x                  cstackCOMRAM 0059
___sindf@z                  cstackBANK0  0078
___sp                       stack        0000
___stack_hi                 stack        0000
___stack_lo                 stack        0000
___wmul                     text12       466C
___wmul@multiplicand        cstackCOMRAM 0003
___wmul@multiplier          cstackCOMRAM 0001
___wmul@product             cstackCOMRAM 0005
___xxtofl                   text5        3728
___xxtofl@arg               cstackCOMRAM 000B
___xxtofl@exp               cstackCOMRAM 000A
___xxtofl@sign              cstackCOMRAM 0009
___xxtofl@val               cstackCOMRAM 0001
__accesstop                 (abs)        0060
__activetblptr              (abs)        0002
__end_of_C0                 smallconst   0831
__end_of_C1                 smallconst   082D
__end_of_C2                 smallconst   0829
__end_of_C3                 smallconst   0825
__end_of_CCP1_Init          text40       46CC
__end_of_LCD_Char           text36       3A52
__end_of_LCD_Clear          text38       46C2
__end_of_LCD_Command        text39       3BC8
__end_of_LCD_Init           text37       4560
__end_of_LCD_String         text35       42E8
__end_of_LCD_value_float    text7        466C
__end_of_S1                 smallconst   0811
__end_of_S2                 smallconst   080D
__end_of_S3                 smallconst   0809
__end_of_S4                 smallconst   0805
__end_of___awdiv            text34       4060
__end_of___awmod            text33       41C6
__end_of___cosdf            text6        356E
__end_of___fladd            text21       1C8C
__end_of___fldiv            text26       2BEA
__end_of___fleq             text25       4270
__end_of___flge             text24       3DD4
__end_of___flmul            text23       20B6
__end_of___flneg            text22       45D4
__end_of___flsub            text20       44D8
__end_of___fltol            text19       3CCE
__end_of___fpclassifyf      text18       3ED2
__end_of___rem_pio2f        text3        2850
__end_of___sindf            text2        315E
__end_of___wmul             text12       4692
__end_of___xxtofl           text5        38DC
__end_of__initialization    cinit        46A2
__end_of_abs                text32       463C
__end_of_c1pio2             smallconst   0841
__end_of_c2pio2             smallconst   083D
__end_of_c3pio2             smallconst   0839
__end_of_c4pio2             smallconst   0835
__end_of_cosf               text1        17CC
__end_of_dtoa               text27       3728
__end_of_efgtoa             text13       12D2
__end_of_fabsf              text4        4608
__end_of_floorf             text17       3370
__end_of_fputc              text30       3F9C
__end_of_fputs              text29       451C
__end_of_half               smallconst   0821
__end_of_invpio2            smallconst   081D
__end_of_labs               text16       43AC
__end_of_main               text0        248E
__end_of_memcpy             text15       43FC
__end_of_pad                text28       4356
__end_of_pio2_1             smallconst   0819
__end_of_pio2_1t            smallconst   0815
__end_of_putch              text31       46CE
__end_of_read_prec_or_width text11       4116
__end_of_sprintf            text8        4448
__end_of_strcpy             text14       459A
__end_of_vfpfcnvrt          text10       2F2C
__end_of_vfprintf           text9        4492
__initialization            cinit        4692
__mediumconst               mediumconst  0000
__pbssBANK0                 bssBANK0     00FE
__pbssBANK1                 bssBANK1     0100
__pcinit                    cinit        4692
__pcstackBANK0              cstackBANK0  0060
__pcstackBANK1              cstackBANK1  0166
__pcstackCOMRAM             cstackCOMRAM 0001
__psmallconst               smallconst   0800
__ptext0                    text0        20B6
__ptext1                    text1        12D2
__ptext10                   text10       2BEA
__ptext11                   text11       4060
__ptext12                   text12       466C
__ptext13                   text13       0874
__ptext14                   text14       4560
__ptext15                   text15       43AC
__ptext16                   text16       4356
__ptext17                   text17       315E
__ptext18                   text18       3DD4
__ptext19                   text19       3BC8
__ptext2                    text2        2F2C
__ptext20                   text20       4492
__ptext21                   text21       17CC
__ptext22                   text22       459A
__ptext23                   text23       1C8C
__ptext24                   text24       3CCE
__ptext25                   text25       41C6
__ptext26                   text26       2850
__ptext27                   text27       356E
__ptext28                   text28       42E8
__ptext29                   text29       44D8
__ptext3                    text3        248E
__ptext30                   text30       3ED2
__ptext31                   text31       46CC
__ptext32                   text32       4608
__ptext33                   text33       4116
__ptext34                   text34       3F9C
__ptext35                   text35       4270
__ptext36                   text36       38DC
__ptext37                   text37       451C
__ptext38                   text38       46AC
__ptext39                   text39       3A52
__ptext4                    text4        45D4
__ptext40                   text40       46C2
__ptext5                    text5        3728
__ptext6                    text6        3370
__ptext7                    text7        463C
__ptext8                    text8        43FC
__ptext9                    text9        4448
__ramtop                    ramtop       0800
__smallconst                smallconst   0800
_abs                        text32       4608
_cosf                       text1        12D2
_cosf$1097                  cstackBANK0  00A7
_cosf$589                   cstackBANK0  009E
_cosf$590                   cstackBANK0  00A2
_dbuf                       bssBANK1     0116
_dtoa                       text27       356E
_dtoa$757                   cstackCOMRAM 001E
_efgtoa                     text13       0874
_efgtoa$788                 cstackBANK0  00CF
_fabsf                      text4        45D4
_flags                      bssBANK0     00FE
_floorf                     text17       315E
_fputc                      text30       3ED2
_fputs                      text29       44D8
_i                          bssBANK1     0114
_labs                       text16       4356
_main                       text0        20B6
_main$1095                  cstackBANK1  019F
_main$1096                  cstackBANK1  0199
_memcpy                     text15       43AC
_pad                        text28       42E8
_prec                       bssBANK1     0112
_putch                      text31       46CC
_read_prec_or_width         text11       4060
_sprintf                    text8        43FC
_strcpy                     text14       4560
_vfpfcnvrt                  text10       2BEA
_vfprintf                   text9        4448
_width                      bssBANK1     0110
abs@a                       cstackCOMRAM 0007
cosf@ix                     cstackBANK0  00B0
cosf@n                      cstackBANK0  00A6
cosf@sign                   cstackBANK0  00AB
cosf@x                      cstackBANK0  009A
cosf@y                      cstackBANK0  00AC
dtoa@d                      cstackCOMRAM 001C
dtoa@fp                     cstackCOMRAM 001A
dtoa@i                      cstackCOMRAM 0025
dtoa@p                      cstackCOMRAM 0020
dtoa@s                      cstackCOMRAM 0024
dtoa@w                      cstackCOMRAM 0022
efgtoa@c                    cstackBANK0  00C6
efgtoa@d                    cstackBANK0  00D4
efgtoa@e                    cstackBANK0  00D8
efgtoa@f                    cstackBANK0  00C2
efgtoa@fp                   cstackBANK0  00C0
efgtoa@g                    cstackBANK0  00EB
efgtoa@h                    cstackBANK0  00E0
efgtoa@i                    cstackBANK0  00E8
efgtoa@l                    cstackBANK0  00E4
efgtoa@m                    cstackBANK0  00D6
efgtoa@mode                 cstackBANK0  00D2
efgtoa@n                    cstackBANK0  00EF
efgtoa@ne                   cstackBANK0  00C9
efgtoa@nmode                cstackBANK0  00D3
efgtoa@ou                   cstackBANK0  00DA
efgtoa@p                    cstackBANK0  00CB
efgtoa@pp                   cstackBANK0  00D1
efgtoa@sign                 cstackBANK0  00EA
efgtoa@t                    cstackBANK0  00CD
efgtoa@u                    cstackBANK0  00F1
efgtoa@w                    cstackBANK0  00DE
end_of_initialization       cinit        46A2
fabsf@F465                  bssBANK1     0108
fabsf@u                     cstackCOMRAM 0005
fabsf@x                     cstackCOMRAM 0001
floorf@F521                 bssBANK1     0100
floorf@e                    cstackCOMRAM 0036
floorf@m                    cstackCOMRAM 0032
floorf@u                    cstackCOMRAM 0038
floorf@x                    cstackCOMRAM 0028
fputc@c                     cstackCOMRAM 0001
fputc@fp                    cstackCOMRAM 0003
fputs@c                     cstackCOMRAM 000E
fputs@fp                    cstackCOMRAM 000C
fputs@i                     cstackCOMRAM 000F
fputs@s                     cstackCOMRAM 000A
intlevel0                   text         0000
intlevel1                   text         0000
intlevel2                   text         0000
intlevel3                   text         0000
isa$std                     (abs)        0001
isa$xinst                   (abs)        0000
labs@a                      cstackCOMRAM 0001
main@angle                  cstackBANK1  01A5
main@dt                     cstackBANK1  0195
main@endTime                cstackBANK1  01AB
main@i                      cstackBANK1  01A3
main@pulseWidth             cstackBANK1  019D
main@startTime              cstackBANK1  01A9
memcpy@d                    cstackCOMRAM 0008
memcpy@d1                   cstackCOMRAM 0001
memcpy@n                    cstackCOMRAM 0005
memcpy@s                    cstackCOMRAM 000A
memcpy@s1                   cstackCOMRAM 0003
memcpy@tmp                  cstackCOMRAM 0007
pad@buf                     cstackCOMRAM 0013
pad@fp                      cstackCOMRAM 0011
pad@i                       cstackCOMRAM 0018
pad@p                       cstackCOMRAM 0015
read_prec_or_width@ap       cstackCOMRAM 0008
read_prec_or_width@c        cstackCOMRAM 000C
read_prec_or_width@fmt      cstackCOMRAM 0007
read_prec_or_width@n        cstackCOMRAM 000D
sprintf@ap                  cstackBANK1  0179
sprintf@f                   cstackBANK1  017B
sprintf@fmt                 cstackBANK1  0174
sprintf@s                   cstackBANK1  0172
stackhi                     (abs)        0000
stacklo                     (abs)        0000
start                       init         0000
start_initialization        cinit        4692
strcpy@d                    cstackCOMRAM 0005
strcpy@dest                 cstackCOMRAM 0001
strcpy@src                  cstackCOMRAM 0003
vfpfcnvrt@ap                cstackBANK0  00F8
vfpfcnvrt@c                 cstackBANK1  016B
vfpfcnvrt@convarg           cstackBANK1  0167
vfpfcnvrt@cp                cstackBANK1  016C
vfpfcnvrt@done              cstackBANK1  0166
vfpfcnvrt@fmt               cstackBANK0  00F7
vfpfcnvrt@fp                cstackBANK0  00F5
vfprintf@ap                 cstackBANK1  0170
vfprintf@cfmt               cstackCOMRAM 005F
vfprintf@fmt                cstackBANK1  016F
vfprintf@fp                 cstackBANK1  016D


MODULE INFORMATION

Module		Function		Class		Link	Load	Size
C:\Program Files\Microchip\xc8\v2.45\pic\sources\c99\common\Umul16.c
		___wmul        		CODE           	466C	0000	38

C:\Program Files\Microchip\xc8\v2.45\pic\sources\c99\common\Umul16.c estimated size: 38

C:\Program Files\Microchip\xc8\v2.45\pic\sources\c99\common\fleq.c
		___fleq        		CODE           	41C6	0000	170

C:\Program Files\Microchip\xc8\v2.45\pic\sources\c99\common\fleq.c estimated size: 170

C:\Program Files\Microchip\xc8\v2.45\pic\sources\c99\common\memcpy.c
		_memcpy        		CODE           	43AC	0000	80

C:\Program Files\Microchip\xc8\v2.45\pic\sources\c99\common\memcpy.c estimated size: 80

C:\Program Files\Microchip\xc8\v2.45\pic\sources\c99\common\__rem_pio2f.c
		___rem_pio2f   		CODE           	248E	0000	962

C:\Program Files\Microchip\xc8\v2.45\pic\sources\c99\common\__rem_pio2f.c estimated size: 962

C:\Program Files\Microchip\xc8\v2.45\pic\sources\c99\common\flneg.c
		___flneg       		CODE           	459A	0000	58

C:\Program Files\Microchip\xc8\v2.45\pic\sources\c99\common\flneg.c estimated size: 58

C:\Program Files\Microchip\xc8\v2.45\pic\sources\c99\common\fabsf.c
		_fabsf         		CODE           	45D4	0000	52

C:\Program Files\Microchip\xc8\v2.45\pic\sources\c99\common\fabsf.c estimated size: 52

C:\Program Files\Microchip\xc8\v2.45\pic\sources\c99\common\__cosdf.c
		___cosdf       		CODE           	3370	0000	510

C:\Program Files\Microchip\xc8\v2.45\pic\sources\c99\common\__cosdf.c estimated size: 510

newmain.c
		_CCP1_Init     		CODE           	46C2	0000	10
		_LCD_String    		CODE           	4270	0000	120
		_LCD_Init      		CODE           	451C	0000	68
		_LCD_Command   		CODE           	3A52	0000	374
		_main          		CODE           	20B6	0000	984
		_LCD_Char      		CODE           	38DC	0000	374
		_LCD_Clear     		CODE           	46AC	0000	22
		_LCD_value_float		CODE           	463C	0000	48

newmain.c estimated size: 2000

C:\Program Files\Microchip\xc8\v2.45\pic\sources\c99\common\sprcmul.c
		___flmul       		CODE           	1C8C	0000	1066

C:\Program Files\Microchip\xc8\v2.45\pic\sources\c99\common\sprcmul.c estimated size: 1066

C:\Program Files\Microchip\xc8\v2.45\pic\sources\c99\common\labs.c
		_labs          		CODE           	4356	0000	86

C:\Program Files\Microchip\xc8\v2.45\pic\sources\c99\common\labs.c estimated size: 86

C:\Program Files\Microchip\xc8\v2.45\pic\sources\c99\common\nf_fputs.c
		_fputs         		CODE           	44D8	0000	68

C:\Program Files\Microchip\xc8\v2.45\pic\sources\c99\common\nf_fputs.c estimated size: 68

C:\Program Files\Microchip\xc8\v2.45\pic\sources\c99\common\__sindf.c
		___sindf       		CODE           	2F2C	0000	562

C:\Program Files\Microchip\xc8\v2.45\pic\sources\c99\common\__sindf.c estimated size: 562

C:\Program Files\Microchip\xc8\v2.45\pic\sources\c99\common\sprcdiv.c
		___fldiv       		CODE           	2850	0000	922

C:\Program Files\Microchip\xc8\v2.45\pic\sources\c99\common\sprcdiv.c estimated size: 922

C:\Program Files\Microchip\xc8\v2.45\pic\sources\c99\common\floorf.c
		_floorf        		CODE           	315E	0000	530

C:\Program Files\Microchip\xc8\v2.45\pic\sources\c99\common\floorf.c estimated size: 530

C:\Program Files\Microchip\xc8\v2.45\pic\sources\c99\common\nf_sprintf.c
		_sprintf       		CODE           	43FC	0000	76

C:\Program Files\Microchip\xc8\v2.45\pic\sources\c99\common\nf_sprintf.c estimated size: 76

C:\Program Files\Microchip\xc8\v2.45\pic\sources\c99\common\cosf.c
		_cosf          		CODE           	12D2	0000	1274

C:\Program Files\Microchip\xc8\v2.45\pic\sources\c99\common\cosf.c estimated size: 1274

C:\Program Files\Microchip\xc8\v2.45\pic\sources\c99\common\awmod.c
		___awmod       		CODE           	4116	0000	176

C:\Program Files\Microchip\xc8\v2.45\pic\sources\c99\common\awmod.c estimated size: 176

C:\Program Files\Microchip\xc8\v2.45\pic\sources\c99\common\putch.c
		_putch         		CODE           	46CC	0000	2

C:\Program Files\Microchip\xc8\v2.45\pic\sources\c99\common\putch.c estimated size: 2

C:\Program Files\Microchip\xc8\v2.45\pic\sources\c99\common\flge.c
		___flge        		CODE           	3CCE	0000	262

C:\Program Files\Microchip\xc8\v2.45\pic\sources\c99\common\flge.c estimated size: 262

shared
		_S1            		SMALLCONST     	0000	0000	0
		_S2            		SMALLCONST     	0000	0000	0
		_S3            		SMALLCONST     	0000	0000	0
		_S4            		SMALLCONST     	0000	0000	0
		_c1pio2        		SMALLCONST     	0000	0000	0
		_c2pio2        		SMALLCONST     	0000	0000	0
		_c3pio2        		SMALLCONST     	0000	0000	0
		_c4pio2        		SMALLCONST     	0000	0000	0
		__initialization		CODE           	4692	0000	16
		_pio2_1t       		SMALLCONST     	0000	0000	0
		_half          		SMALLCONST     	0000	0000	0
		_pio2_1        		SMALLCONST     	0000	0000	0
		_C0            		SMALLCONST     	0000	0000	0
		_C1            		SMALLCONST     	0000	0000	0
		_C2            		SMALLCONST     	0000	0000	0
		_C3            		SMALLCONST     	0000	0000	0
		_invpio2       		SMALLCONST     	0000	0000	0

shared estimated size: 16

C:\Program Files\Microchip\xc8\v2.45\pic\sources\c99\common\xxtofl.c
		___xxtofl      		CODE           	3728	0000	436

C:\Program Files\Microchip\xc8\v2.45\pic\sources\c99\common\xxtofl.c estimated size: 436

C:\Program Files\Microchip\xc8\v2.45\pic\sources\c99\common\abs.c
		_abs           		CODE           	4608	0000	52

C:\Program Files\Microchip\xc8\v2.45\pic\sources\c99\common\abs.c estimated size: 52

C:\Program Files\Microchip\xc8\v2.45\pic\sources\c99\common\__fpclassifyf.c
		___fpclassifyf 		CODE           	3DD4	0000	254

C:\Program Files\Microchip\xc8\v2.45\pic\sources\c99\common\__fpclassifyf.c estimated size: 254

C:\Program Files\Microchip\xc8\v2.45\pic\sources\c99\common\strcpy.c
		_strcpy        		CODE           	4560	0000	58

C:\Program Files\Microchip\xc8\v2.45\pic\sources\c99\common\strcpy.c estimated size: 58

C:\Program Files\Microchip\xc8\v2.45\pic\sources\c99\common\sprcadd.c
		___flsub       		CODE           	4492	0000	70
		___fladd       		CODE           	17CC	0000	1216

C:\Program Files\Microchip\xc8\v2.45\pic\sources\c99\common\sprcadd.c estimated size: 1286

C:\Program Files\Microchip\xc8\v2.45\pic\sources\c99\common\nf_fputc.c
		_fputc         		CODE           	3ED2	0000	202

C:\Program Files\Microchip\xc8\v2.45\pic\sources\c99\common\nf_fputc.c estimated size: 202

C:\Program Files\Microchip\xc8\v2.45\pic\sources\c99\common\doprnt.c
		_read_prec_or_width		CODE           	4060	0000	182
		_vfpfcnvrt     		CODE           	2BEA	0000	834
		_efgtoa        		CODE           	0874	0000	2654
		_pad           		CODE           	42E8	0000	110
		_dtoa          		CODE           	356E	0000	442
		_vfprintf      		CODE           	4448	0000	74

C:\Program Files\Microchip\xc8\v2.45\pic\sources\c99\common\doprnt.c estimated size: 4296

C:\Program Files\Microchip\xc8\v2.45\pic\sources\c99\common\awdiv.c
		___awdiv       		CODE           	3F9C	0000	196

C:\Program Files\Microchip\xc8\v2.45\pic\sources\c99\common\awdiv.c estimated size: 196

C:\Program Files\Microchip\xc8\v2.45\pic\sources\c99\common\fltol.c
		___fltol       		CODE           	3BC8	0000	262

C:\Program Files\Microchip\xc8\v2.45\pic\sources\c99\common\fltol.c estimated size: 262

